---
namespace: Compile
expectation: Pass
outputs:
  - output:
      - initial_input_ast: ec3cfeb93ea66a530150a5c5e2bd396688b3ef9b9fb0bcb961c62dac4daa064e
        flattened_ast: 4eff83b69e7e7296ac02636b10f1fa7e97dd983a807bd1eaf56ff39b5218735f
      - initial_input_ast: cb1d48114c10b2b732ad47a46fc8d05bf7a3e783da89e7f00065244bfc8d15c8
        flattened_ast: 4eff83b69e7e7296ac02636b10f1fa7e97dd983a807bd1eaf56ff39b5218735f
    initial_ast: 11b68c9be48e873d2bf4bb594858b69c501a478218fc2f4f18ac2bf1f4e2d480
