---
namespace: Compile
expectation: Pass
outputs:
  - output:
      - initial_input_ast: a84132ffbda80301c620b10a61957c60ff0cf52c846824353d74deb4b8fb95aa
        flattened_ast: fe684bc7cdc2f36af191097a77b3cfa708b794f88459be2e5beb83b69e9ddcaf
    initial_ast: fe684bc7cdc2f36af191097a77b3cfa708b794f88459be2e5beb83b69e9ddcaf
