---
namespace: Compile
expectation: Pass
outputs:
  - output:
      - initial_input_ast: a2921e14c8159b911edd438049c7f2b1d85dfce9b4420abaa60049b687367e65
        flattened_ast: c43b52ff3f907f5164e4e9923b687ad5f10b1e7322ec01d37400e62d3b2aa8f2
    initial_ast: c43b52ff3f907f5164e4e9923b687ad5f10b1e7322ec01d37400e62d3b2aa8f2
