---
namespace: Compile
expectation: Pass
outputs:
  - output:
      - initial_input_ast: d153359c184e6f986eca5f61efb1e108490d7cdc3243494aa38c099ccdfe9a23
        flattened_ast: 9579b1288b453a0317fde1cc36989131e5c870cc67046119f4400e5041a155b1
      - initial_input_ast: a256bf07a585892d533066903adb8ad5052c091f8075646f85301faac29269bd
        flattened_ast: 9579b1288b453a0317fde1cc36989131e5c870cc67046119f4400e5041a155b1
    initial_ast: 9579b1288b453a0317fde1cc36989131e5c870cc67046119f4400e5041a155b1
