---
namespace: Compile
expectation: Pass
outputs:
  - output:
      - initial_input_ast: 76a0fe2199754831329d9b089d2c02f73d7457aaed6548372169318675b85f48
        flattened_ast: cb2669f3f36c51ee2240f7ac569b07ca371a20ecbddbdc54ab8d41eaa6bc31ee
    initial_ast: 24cbdab88f9826e99829a3d487e1485e77d384cd63a8881f5b931af5001a7b19
