---
namespace: Compile
expectation: Pass
outputs:
  - output:
      - initial_input_ast: 3bc0aa0df75ae0548bec6bec2193fe1f94319ecb8d99f3d7367cd1ec29ee0519
        flattened_ast: 547147d0ebdb461d67cf154af6582a2ffc644eef89bcc7ac171d65385adbec33
    initial_ast: 547147d0ebdb461d67cf154af6582a2ffc644eef89bcc7ac171d65385adbec33
