---
namespace: Compile
expectation: Pass
outputs:
  - output:
      - initial_input_ast: c15629a2c7b22e5b61091ee2d67f9e4b1e436d3ea0438e2698ab2a591c7ac24f
        flattened_ast: f129c009cc6dfb0bde90a1c40988ab4acb1db429642b9caf64d79b40da99250a
    initial_ast: fedd95b61ba937a0a294707e39c2709fd9cdddab8ab387d274771acedb39f6b5
