---
namespace: Compile
expectation: Pass
outputs:
  - output:
      - initial_input_ast: no input
        flattened_ast: 280f1bc7f6e077987e1c33d88c5e1668ffa0787e560fb92cd017e8cbdce6b1f5
    initial_ast: 280f1bc7f6e077987e1c33d88c5e1668ffa0787e560fb92cd017e8cbdce6b1f5
