---
namespace: Compile
expectation: Fail
outputs:
  - "Error [EPAR0370005]: expected -> -- got '{'\n    --> compiler-test:3:23\n     |\n   3 | function main(x: u32) {\n     |                       ^"
