---
namespace: Compile
expectation: Pass
outputs:
  - output:
      - initial_input_ast: ad738add6c03b6224ccba9d8d735b6645444f9c16f3b652ec4c0903fa4bb33aa
        flattened_ast: 5735c3842b7f790841f83d8a5f0e82ec7b0f6cc046c26add0004bb6e843c049a
    initial_ast: dfcf2f4b5ab8ca95d2a8d3041bde512bdc7556214bc9d2de84c78217e63c77b8
