---
namespace: Compile
expectation: Fail
outputs:
  - "Error [ETYC0372015]: The function main has no return statement.\n    --> compiler-test:3:1\n     |\n   3 | function main() -> u8 {}\n     | ^^^^^^^^^^^^^^^^^^^^^^^^\n"
